// Jest Snapshot v1, https://goo.gl/fbAQLP

exports[` 1`] = `
<div>
  <div>
    <h1>
      Counter
    </h1>
    <h2>
      0
    </h2>
    <button>
      증가
    </button>
    <button>
      감소
    </button>
  </div>
</div>
`;
